一,イチ,イチ,一,名詞-数,,